[INFO] Scanning for projects...
[INFO] 
[INFO] ----------------< com.inventorix:java-code-assignment >-----------------
[INFO] Building java-code-assignment 1.0.0-SNAPSHOT
[INFO] --------------------------------[ jar ]---------------------------------
[INFO] 
[INFO] --- maven-clean-plugin:2.5:clean (default-clean) @ java-code-assignment ---
[INFO] Deleting D:\dev\HclWS\java-assignment\target
[INFO] ------------------------------------------------------------------------
[INFO] BUILD FAILURE
[INFO] ------------------------------------------------------------------------
[INFO] Total time:  5.269 s
[INFO] Finished at: 2026-01-24T13:31:34+05:30
[INFO] ------------------------------------------------------------------------
[ERROR] Failed to execute goal org.apache.maven.plugins:maven-clean-plugin:2.5:clean (default-clean) on project java-code-assignment: Failed to clean project: Failed to delete D:\dev\HclWS\java-assignment\target\java-code-assignment-dev.jar -> [Help 1]
[ERROR] 
[ERROR] To see the full stack trace of the errors, re-run Maven with the -e switch.
[ERROR] Re-run Maven using the -X switch to enable full debug logging.
[ERROR] 
[ERROR] For more information about the errors and possible solutions, please read the following articles:
[ERROR] [Help 1] http://cwiki.apache.org/confluence/display/MAVEN/MojoExecutionException
